2025-12-17 13:51:49 - IDSRoutes - [INFO] - Auth check: user_id=defender, role=DEFENDER
2025-12-17 13:51:49 - IDSRoutes - [INFO] - Fetching IDS overview...
2025-12-17 13:52:35 - IDSRoutes - [INFO] - Overview: 5 nodes, 0 alerts
2025-12-17 13:52:49 - IDSRoutes - [INFO] - Auth check: user_id=defender, role=DEFENDER
2025-12-17 13:52:49 - IDSRoutes - [INFO] - Fetching IDS overview...
2025-12-17 13:53:49 - IDSRoutes - [INFO] - Auth check: user_id=defender, role=DEFENDER
2025-12-17 13:53:49 - IDSRoutes - [INFO] - Fetching IDS overview...
2025-12-17 13:54:14 - IDSRoutes - [INFO] - Overview: 4 nodes, 0 alerts
2025-12-17 13:54:49 - IDSRoutes - [INFO] - Auth check: user_id=defender, role=DEFENDER
2025-12-17 13:54:49 - IDSRoutes - [INFO] - Fetching IDS overview...
2025-12-17 13:55:07 - IDSRoutes - [INFO] - Auth check: user_id=None, role=None
2025-12-17 13:55:07 - IDSRoutes - [WARNING] - Access denied: expected DEFENDER, got None
2025-12-17 13:55:49 - IDSRoutes - [INFO] - Auth check: user_id=defender, role=DEFENDER
2025-12-17 13:55:49 - IDSRoutes - [INFO] - Fetching IDS overview...
2025-12-17 13:56:19 - IDSRoutes - [INFO] - Overview: 4 nodes, 0 alerts
2025-12-17 13:56:49 - IDSRoutes - [INFO] - Auth check: user_id=defender, role=DEFENDER
2025-12-17 13:56:49 - IDSRoutes - [INFO] - Fetching IDS overview...
2025-12-17 13:57:09 - IDSRoutes - [INFO] - Overview: 4 nodes, 0 alerts
2025-12-17 13:57:49 - IDSRoutes - [INFO] - Auth check: user_id=defender, role=DEFENDER
2025-12-17 13:57:49 - IDSRoutes - [INFO] - Fetching IDS overview...
2025-12-17 13:58:49 - IDSRoutes - [INFO] - Auth check: user_id=defender, role=DEFENDER
2025-12-17 13:58:49 - IDSRoutes - [INFO] - Fetching IDS overview...
2025-12-17 13:59:13 - IDSRoutes - [INFO] - Overview: 5 nodes, 0 alerts
2025-12-17 13:59:49 - IDSRoutes - [INFO] - Auth check: user_id=defender, role=DEFENDER
2025-12-17 13:59:49 - IDSRoutes - [INFO] - Fetching IDS overview...
2025-12-17 14:00:09 - IDSRoutes - [INFO] - Overview: 3 nodes, 0 alerts
2025-12-17 14:19:19 - IDSRoutes - [INFO] - Auth check: user_id=defender, role=DEFENDER
2025-12-17 14:19:19 - IDSRoutes - [INFO] - Fetching IDS overview (fast scan with hostnames)...
2025-12-17 14:19:28 - IDSRoutes - [INFO] - Auth check: user_id=defender, role=DEFENDER
2025-12-17 14:19:32 - IDSRoutes - [INFO] - Auth check: user_id=defender, role=DEFENDER
2025-12-17 14:19:33 - IDSRoutes - [INFO] - Auth check: user_id=defender, role=DEFENDER
2025-12-17 14:19:35 - IDSRoutes - [INFO] - Auth check: user_id=defender, role=DEFENDER
2025-12-17 14:19:40 - IDSRoutes - [INFO] - Overview: 5 nodes, 0 alerts
2025-12-17 14:19:40 - IDSRoutes - [INFO] - Auth check: user_id=defender, role=DEFENDER
2025-12-17 14:19:40 - IDSRoutes - [INFO] - Fetching IDS overview (fast scan with hostnames)...
2025-12-17 14:19:47 - IDSRoutes - [INFO] - Auth check: user_id=defender, role=DEFENDER
2025-12-17 14:19:47 - IDSRoutes - [INFO] - Fetching IDS overview (fast scan with hostnames)...
2025-12-17 14:19:48 - IDSRoutes - [INFO] - Auth check: user_id=defender, role=DEFENDER
2025-12-17 14:19:48 - IDSRoutes - [INFO] - Fetching IDS overview (fast scan with hostnames)...
2025-12-17 14:19:51 - IDSRoutes - [INFO] - Auth check: user_id=defender, role=DEFENDER
2025-12-17 14:19:51 - IDSRoutes - [INFO] - Fetching IDS overview (fast scan with hostnames)...
2025-12-17 14:19:53 - IDSRoutes - [INFO] - Auth check: user_id=defender, role=DEFENDER
2025-12-17 14:19:53 - IDSRoutes - [INFO] - Fetching IDS overview (fast scan with hostnames)...
2025-12-17 14:19:56 - IDSRoutes - [INFO] - Auth check: user_id=defender, role=DEFENDER
2025-12-17 14:19:56 - IDSRoutes - [INFO] - Fetching IDS overview (fast scan with hostnames)...
2025-12-17 14:20:00 - IDSRoutes - [INFO] - Overview: 3 nodes, 0 alerts
2025-12-17 14:20:00 - IDSRoutes - [INFO] - Auth check: user_id=defender, role=DEFENDER
2025-12-17 14:20:00 - IDSRoutes - [INFO] - Fetching IDS overview (fast scan with hostnames)...
2025-12-17 14:20:13 - IDSRoutes - [INFO] - Overview: 4 nodes, 0 alerts
2025-12-17 14:20:13 - IDSRoutes - [INFO] - Auth check: user_id=defender, role=DEFENDER
2025-12-17 14:20:13 - IDSRoutes - [INFO] - Auth check: user_id=defender, role=DEFENDER
2025-12-17 14:20:14 - IDSRoutes - [INFO] - Overview: 6 nodes, 0 alerts
2025-12-17 14:20:14 - IDSRoutes - [INFO] - Auth check: user_id=defender, role=DEFENDER
2025-12-17 14:20:14 - IDSRoutes - [INFO] - Fetching IDS overview (fast scan with hostnames)...
2025-12-17 14:20:19 - IDSRoutes - [INFO] - Overview: 6 nodes, 0 alerts
2025-12-17 14:20:19 - IDSRoutes - [INFO] - Auth check: user_id=defender, role=DEFENDER
2025-12-17 14:20:19 - IDSRoutes - [INFO] - Fetching IDS overview (fast scan with hostnames)...
2025-12-17 14:20:20 - IDSRoutes - [INFO] - Overview: 4 nodes, 0 alerts
2025-12-17 14:20:20 - IDSRoutes - [INFO] - Auth check: user_id=defender, role=DEFENDER
2025-12-17 14:20:20 - IDSRoutes - [INFO] - Fetching IDS overview (fast scan with hostnames)...
2025-12-17 14:20:21 - IDSRoutes - [INFO] - Overview: 6 nodes, 0 alerts
2025-12-17 14:20:21 - IDSRoutes - [INFO] - Auth check: user_id=defender, role=DEFENDER
2025-12-17 14:20:21 - IDSRoutes - [INFO] - Fetching IDS overview (fast scan with hostnames)...
2025-12-17 14:20:25 - IDSRoutes - [INFO] - Overview: 6 nodes, 0 alerts
2025-12-17 14:20:25 - IDSRoutes - [INFO] - Auth check: user_id=defender, role=DEFENDER
2025-12-17 14:20:25 - IDSRoutes - [INFO] - Fetching IDS overview (fast scan with hostnames)...
2025-12-17 14:20:39 - IDSRoutes - [INFO] - Overview: 5 nodes, 0 alerts
2025-12-17 14:20:39 - IDSRoutes - [INFO] - Auth check: user_id=defender, role=DEFENDER
2025-12-17 14:20:39 - IDSRoutes - [INFO] - Fetching IDS overview (fast scan with hostnames)...
2025-12-17 14:20:43 - IDSRoutes - [INFO] - Overview: 5 nodes, 0 alerts
2025-12-17 14:20:43 - IDSRoutes - [INFO] - Auth check: user_id=defender, role=DEFENDER
2025-12-17 14:20:43 - IDSRoutes - [INFO] - Fetching IDS overview (fast scan with hostnames)...
2025-12-17 14:20:44 - IDSRoutes - [INFO] - Auth check: user_id=defender, role=DEFENDER
2025-12-17 14:20:44 - IDSRoutes - [INFO] - Fetching IDS overview (fast scan with hostnames)...
2025-12-17 14:20:48 - IDSRoutes - [INFO] - Overview: 6 nodes, 0 alerts
2025-12-17 14:20:48 - IDSRoutes - [INFO] - Auth check: user_id=defender, role=DEFENDER
2025-12-17 14:20:48 - IDSRoutes - [INFO] - Fetching IDS overview (fast scan with hostnames)...
2025-12-17 14:20:53 - IDSRoutes - [INFO] - Overview: 6 nodes, 0 alerts
2025-12-17 14:20:53 - IDSRoutes - [INFO] - Auth check: user_id=defender, role=DEFENDER
2025-12-17 14:20:53 - IDSRoutes - [INFO] - Fetching IDS overview (fast scan with hostnames)...
2025-12-17 14:20:54 - IDSRoutes - [INFO] - Overview: 6 nodes, 0 alerts
2025-12-17 14:20:54 - IDSRoutes - [INFO] - Auth check: user_id=defender, role=DEFENDER
2025-12-17 14:20:54 - IDSRoutes - [INFO] - Fetching IDS overview (fast scan with hostnames)...
2025-12-17 14:21:06 - IDSRoutes - [INFO] - Overview: 5 nodes, 0 alerts
2025-12-17 14:21:06 - IDSRoutes - [INFO] - Auth check: user_id=defender, role=DEFENDER
2025-12-17 14:21:06 - IDSRoutes - [INFO] - Fetching IDS overview (fast scan with hostnames)...
2025-12-17 14:21:09 - IDSRoutes - [INFO] - Overview: 5 nodes, 0 alerts
2025-12-17 14:21:09 - IDSRoutes - [INFO] - Auth check: user_id=defender, role=DEFENDER
2025-12-17 14:21:09 - IDSRoutes - [INFO] - Fetching IDS overview (fast scan with hostnames)...
2025-12-17 14:21:13 - IDSRoutes - [INFO] - Overview: 6 nodes, 0 alerts
2025-12-17 14:21:13 - IDSRoutes - [INFO] - Auth check: user_id=defender, role=DEFENDER
2025-12-17 14:21:13 - IDSRoutes - [INFO] - Fetching IDS overview (fast scan with hostnames)...
2025-12-17 14:21:18 - IDSRoutes - [INFO] - Overview: 6 nodes, 0 alerts
2025-12-17 14:21:18 - IDSRoutes - [INFO] - Auth check: user_id=defender, role=DEFENDER
2025-12-17 14:21:18 - IDSRoutes - [INFO] - Fetching IDS overview (fast scan with hostnames)...
2025-12-17 14:21:20 - IDSRoutes - [INFO] - Overview: 5 nodes, 0 alerts
2025-12-17 14:21:20 - IDSRoutes - [INFO] - Auth check: user_id=defender, role=DEFENDER
2025-12-17 14:21:20 - IDSRoutes - [INFO] - Fetching IDS overview (fast scan with hostnames)...
2025-12-17 14:21:22 - IDSRoutes - [INFO] - Overview: 6 nodes, 0 alerts
2025-12-17 14:21:22 - IDSRoutes - [INFO] - Auth check: user_id=defender, role=DEFENDER
2025-12-17 14:21:22 - IDSRoutes - [INFO] - Fetching IDS overview (fast scan with hostnames)...
2025-12-17 14:21:35 - IDSRoutes - [INFO] - Overview: 6 nodes, 0 alerts
2025-12-17 14:21:35 - IDSRoutes - [INFO] - Auth check: user_id=defender, role=DEFENDER
2025-12-17 14:21:35 - IDSRoutes - [INFO] - Fetching IDS overview (fast scan with hostnames)...
2025-12-17 14:21:41 - IDSRoutes - [INFO] - Overview: 6 nodes, 0 alerts
2025-12-17 14:21:41 - IDSRoutes - [INFO] - Auth check: user_id=defender, role=DEFENDER
2025-12-17 14:21:41 - IDSRoutes - [INFO] - Fetching IDS overview (fast scan with hostnames)...
2025-12-17 14:21:42 - IDSRoutes - [INFO] - Overview: 6 nodes, 0 alerts
2025-12-17 14:21:42 - IDSRoutes - [INFO] - Auth check: user_id=defender, role=DEFENDER
2025-12-17 14:21:42 - IDSRoutes - [INFO] - Fetching IDS overview (fast scan with hostnames)...
2025-12-17 14:21:47 - IDSRoutes - [INFO] - Overview: 6 nodes, 0 alerts
2025-12-17 14:21:47 - IDSRoutes - [INFO] - Auth check: user_id=defender, role=DEFENDER
2025-12-17 14:21:47 - IDSRoutes - [INFO] - Fetching IDS overview (fast scan with hostnames)...
2025-12-17 14:21:50 - IDSRoutes - [INFO] - Overview: 5 nodes, 0 alerts
2025-12-17 14:21:50 - IDSRoutes - [INFO] - Auth check: user_id=defender, role=DEFENDER
2025-12-17 14:21:50 - IDSRoutes - [INFO] - Fetching IDS overview (fast scan with hostnames)...
2025-12-17 14:21:51 - IDSRoutes - [INFO] - Overview: 6 nodes, 0 alerts
2025-12-17 14:21:51 - IDSRoutes - [INFO] - Auth check: user_id=defender, role=DEFENDER
2025-12-17 14:21:51 - IDSRoutes - [INFO] - Fetching IDS overview (fast scan with hostnames)...
2025-12-17 14:22:02 - IDSRoutes - [INFO] - Overview: 5 nodes, 0 alerts
2025-12-17 14:22:02 - IDSRoutes - [INFO] - Auth check: user_id=defender, role=DEFENDER
2025-12-17 14:22:02 - IDSRoutes - [INFO] - Fetching IDS overview (fast scan with hostnames)...
2025-12-17 14:22:03 - IDSRoutes - [INFO] - Overview: 6 nodes, 0 alerts
2025-12-17 14:22:10 - IDSRoutes - [INFO] - Overview: 6 nodes, 0 alerts
2025-12-17 14:22:14 - IDSRoutes - [INFO] - Overview: 6 nodes, 0 alerts
2025-12-17 14:22:18 - IDSRoutes - [INFO] - Overview: 6 nodes, 0 alerts
2025-12-17 14:22:21 - IDSRoutes - [INFO] - Overview: 6 nodes, 0 alerts
2025-12-17 14:22:29 - IDSRoutes - [INFO] - Overview: 6 nodes, 0 alerts
2025-12-17 14:22:49 - IDSRoutes - [INFO] - Auth check: user_id=defender, role=DEFENDER
2025-12-17 14:22:49 - IDSRoutes - [INFO] - Fetching IDS overview (fast scan with hostnames)...
2025-12-17 14:23:09 - IDSRoutes - [INFO] - Overview: 5 nodes, 0 alerts
2025-12-17 14:23:49 - IDSRoutes - [INFO] - Auth check: user_id=defender, role=DEFENDER
2025-12-17 14:23:49 - IDSRoutes - [INFO] - Fetching IDS overview (fast scan with hostnames)...
